// Jest Snapshot v1, https://goo.gl/fbAQLP

exports[`renders learn react link 1`] = `
<div
  className="app"
>
  <div
    className="no-results"
  >
    Query doesn't produced results
  </div>
</div>
`;
