// Jest Snapshot v1, https://goo.gl/fbAQLP

exports[`renders correctly when there are no items 1`] = `
<div
  className="image-details"
  onMouseEnter={[Function]}
  onMouseLeave={[Function]}
>
  <div
    className="thumbnail"
  >
    <img
      alt="Hello"
      src="https://images.unsplash.com/photo-1494438639946-1ebd1d20bf85?ixlib=rb-1.2.1&q=80&fm=jpg&crop=entropy&cs=tinysrgb&w=1080&fit=max&ixid=eyJhcHBfaWQiOjEyNDU2M30"
    />
  </div>
  <div
    className="description"
  >
    Hello
  </div>
  <div
    className="extra-info"
  >
    <div
      className="favorite"
      onClick={[Function]}
    >
      <i
        className="fa fa-heart"
      />
    </div>
  </div>
</div>
`;
